k:\prj\dtdist\lead6016\LEAD16.OCX
k:\prj\dtdist\lead6016\LTKRN60W.DLL
k:\prj\dtdist\lead6016\LTFIL60W.DLL
k:\prj\dtdist\lead6016\LTIMG60W.DLL
k:\prj\dtdist\lead6016\LTTWN60W.DLL
k:\prj\dtdist\lead6016\LFBMP60W.DLL
k:\prj\dtdist\lead6016\LFCAL60W.DLL
k:\prj\dtdist\lead6016\LFCMP60W.DLL
k:\prj\dtdist\lead6016\LFEPS60W.DLL
k:\prj\dtdist\lead6016\LFFAX60W.DLL
k:\prj\dtdist\lead6016\LFGIF60W.DLL
k:\prj\dtdist\lead6016\LFICA60W.DLL
k:\prj\dtdist\lead6016\LFIMG60W.DLL
k:\prj\dtdist\lead6016\LFLMA60W.DLL
k:\prj\dtdist\lead6016\LFLMB60W.DLL
k:\prj\dtdist\lead6016\LFMAC60W.DLL
k:\prj\dtdist\lead6016\LFMSP60W.DLL
k:\prj\dtdist\lead6016\LFPCT60W.DLL
k:\prj\dtdist\lead6016\LFPCX60W.DLL
k:\prj\dtdist\lead6016\LFPNG60W.DLL
k:\prj\dtdist\lead6016\LFPSD60W.DLL
k:\prj\dtdist\lead6016\LFRAS60W.DLL
k:\prj\dtdist\lead6016\LFTGA60W.DLL
k:\prj\dtdist\lead6016\LFTIF60W.DLL
k:\prj\dtdist\lead6016\LFWFX60W.DLL
k:\prj\dtdist\lead6016\LFWMF60W.DLL
k:\prj\dtdist\lead6016\LFWPG60W.DLL
k:\prj\dtdist\lead6016\LFPCD60W.DLL
k:\prj\dtdist\lead6016\PCDLIB.DLL
k:\prj\dtdist\lead6016\LTVDD60W.DRV

