k:\prj\dtdist\lead6032\LEAD32.OCX
k:\prj\dtdist\lead6032\LTKRN60N.DLL
k:\prj\dtdist\lead6032\LTFIL60N.DLL
k:\prj\dtdist\lead6032\LTIMG60N.DLL
k:\prj\dtdist\lead6032\LTTWN60N.DLL
k:\prj\dtdist\lead6032\LFBMP60N.DLL
k:\prj\dtdist\lead6032\LFCAL60N.DLL
k:\prj\dtdist\lead6032\LFCMP60N.DLL
k:\prj\dtdist\lead6032\LFEPS60N.DLL
k:\prj\dtdist\lead6032\LFFAX60N.DLL
k:\prj\dtdist\lead6032\LFGIF60N.DLL
k:\prj\dtdist\lead6032\LFICA60N.DLL
k:\prj\dtdist\lead6032\LFIMG60N.DLL
k:\prj\dtdist\lead6032\LFLMA60N.DLL
k:\prj\dtdist\lead6032\LFLMB60N.DLL
k:\prj\dtdist\lead6032\LFMAC60N.DLL
k:\prj\dtdist\lead6032\LFMSP60N.DLL
k:\prj\dtdist\lead6032\LFPCT60N.DLL
k:\prj\dtdist\lead6032\LFPCX60N.DLL
k:\prj\dtdist\lead6032\LFPNG60N.DLL
k:\prj\dtdist\lead6032\LFPSD60N.DLL
k:\prj\dtdist\lead6032\LFRAS60N.DLL
k:\prj\dtdist\lead6032\LFTGA60N.DLL
k:\prj\dtdist\lead6032\LFTIF60N.DLL
k:\prj\dtdist\lead6032\LFWFX60N.DLL
k:\prj\dtdist\lead6032\LFWMF60N.DLL
k:\prj\dtdist\lead6032\LFWPG60N.DLL
k:\prj\dtdist\lead6032\LFPCD60N.DLL
k:\prj\dtdist\lead6032\PCDLIB32.DLL
